
> codearena@0.0.0 build
> tsc -b && vite build

[36mvite v7.3.1 [32mbuilding client environment for production...[36m[39m
transforming...
node.exe : Error: 
Cannot apply unknown 
utility class 
`border-border`
At C:\Program Files\n
odejs\npm.ps1:29 
char:3
+   & $NODE_EXE 
$NPM_CLI_JS $args
+   ~~~~~~~~~~~~~~~~~
~~~~~~~~~~~~
    + CategoryInfo   
           : NotSpe  
  cified: (Error:    
 Cannot a...`bord    
er-border`:Strin    
g) [], RemoteExc    
eption
    + FullyQualified 
   ErrorId : Native  
  CommandError
 
    at 
onInvalidCandidate (C
:\Users\Pratham\OneDr
ive\Desktop\FSD Pract
ical\codearena\node_m
odules\tailwindcss\di
st\lib.js:21:1511)
    at Te (C:\Users\P
ratham\OneDrive\Deskt
op\FSD Practical\code
arena\node_modules\ta
ilwindcss\dist\lib.js
:16:36652)
    at C:\Users\Prath
am\OneDrive\Desktop\F
SD Practical\codearen
a\node_modules\tailwi
ndcss\dist\lib.js:21:
355
    at Rr (C:\Users\P
ratham\OneDrive\Deskt
op\FSD Practical\code
arena\node_modules\ta
ilwindcss\dist\lib.js
:3:1718)
    at _ (C:\Users\Pr
atham\OneDrive\Deskto
p\FSD Practical\codea
rena\node_modules\tai
lwindcss\dist\lib.js:
3:1377)
    at $e (C:\Users\P
ratham\OneDrive\Deskt
op\FSD Practical\code
arena\node_modules\ta
ilwindcss\dist\lib.js
:21:172)
    at un (C:\Users\P
ratham\OneDrive\Deskt
op\FSD Practical\code
arena\node_modules\ta
ilwindcss\dist\lib.js
:38:294)
    at async cn (C:\U
sers\Pratham\OneDrive
\Desktop\FSD Practica
l\codearena\node_modu
les\tailwindcss\dist\
lib.js:38:631)
    at async Xr (C:\U
sers\Pratham\OneDrive
\Desktop\FSD Practica
l\codearena\node_modu
les\@tailwindcss\node
\dist\index.js:10:341
7)
    at async I (C:\Us
ers\Pratham\OneDrive\
Desktop\FSD Practical
\codearena\node_modul
es\@tailwindcss\postc
ss\dist\index.js:10:3
977)
[32mΓ£ô[39m 1022 modules transformed.
[31mΓ£ù[39m Build 
failed in 1.35s
[31merror during 
build:
[31m[vite:css] 
[postcss] 
tailwindcss: C:/Users
/Pratham/OneDrive/Des
ktop/FSD Practical/co
dearena/src/index.css
:1:1: Cannot apply 
unknown utility 
class 
`border-border`[31m
file: [36mC:/Users/P
ratham/OneDrive/Deskt
op/FSD Practical/code
arena/src/index.css:1
:0[31m
    at Input.error (C
:\Users\Pratham\OneDr
ive\Desktop\FSD Pract
ical\codearena\node_m
odules\postcss\lib\in
put.js:135:16)
    at Root.error (C:
\Users\Pratham\OneDri
ve\Desktop\FSD Practi
cal\codearena\node_mo
dules\postcss\lib\nod
e.js:146:32)
    at Object.Once (C
:\Users\Pratham\OneDr
ive\Desktop\FSD Pract
ical\codearena\node_m
odules\@tailwindcss\p
ostcss\dist\index.js:
10:6911)
    at async 
LazyResult.runAsync (
C:\Users\Pratham\OneD
rive\Desktop\FSD Prac
tical\codearena\node_
modules\postcss\lib\l
azy-result.js:293:11)
    at async 
runPostCSS (file:///C
:/Users/Pratham/OneDr
ive/Desktop/FSD%20Pra
ctical/codearena/node
_modules/vite/dist/no
de/chunks/config.js:3
0145:19)
    at async 
compilePostCSS (file:
///C:/Users/Pratham/O
neDrive/Desktop/FSD%2
0Practical/codearena/
node_modules/vite/dis
t/node/chunks/config.
js:30129:6)
    at async 
compileCSS (file:///C
:/Users/Pratham/OneDr
ive/Desktop/FSD%20Pra
ctical/codearena/node
_modules/vite/dist/no
de/chunks/config.js:3
0059:26)
    at async 
Object.handler (file:
///C:/Users/Pratham/O
neDrive/Desktop/FSD%2
0Practical/codearena/
node_modules/vite/dis
t/node/chunks/config.
js:29592:54)
    at async 
transform (file:///C:
/Users/Pratham/OneDri
ve/Desktop/FSD%20Prac
tical/codearena/node_
modules/rollup/dist/e
s/shared/node-entry.j
s:21246:16)
    at async ModuleLo
ader.addModuleSource 
(file:///C:/Users/Pra
tham/OneDrive/Desktop
/FSD%20Practical/code
arena/node_modules/ro
llup/dist/es/shared/n
ode-entry.js:21474:36
)[39m
